// Jest Snapshot v1, https://goo.gl/fbAQLP

exports[`Should Title to match snapshot 1`] = `
<h1>
  Titulo
</h1>
`;
